[INFO] Scanning for projects...
[INFO] 
[INFO] -------------------< com.habittracker:habit-tracker >-------------------
[INFO] Building Habit Tracker 1.0-SNAPSHOT
[INFO]   from pom.xml
[INFO] --------------------------------[ jar ]---------------------------------
[WARNING] 6 problems were encountered while building the effective model for org.openjfx:javafx-controls:jar:21.0.1 during dependency collection step for project (use -X to see details)
[INFO] 
[INFO] --- resources:3.3.1:resources (default-resources) @ habit-tracker ---
[INFO] Copying 11 resources from src\main\resources to target\classes
[INFO] 
[INFO] --- compiler:3.8.1:compile (default-compile) @ habit-tracker ---
[INFO] Changes detected - recompiling the module!
[INFO] Compiling 22 source files to C:\Users\sudha\OneDrive\Desktop\HabitTracker\target\classes
[INFO] -------------------------------------------------------------
[ERROR] COMPILATION ERROR : 
[INFO] -------------------------------------------------------------
[ERROR] /C:/Users/sudha/OneDrive/Desktop/HabitTracker/src/main/java/com/habittracker/controllers/DashboardController.java:[31,60] cannot find symbol
  symbol:   method getAllHabits()
  location: variable habitService of type com.habittracker.services.HabitService
[INFO] 1 error
[INFO] -------------------------------------------------------------
[INFO] ------------------------------------------------------------------------
[INFO] BUILD FAILURE
[INFO] ------------------------------------------------------------------------
[INFO] Total time:  2.788 s
[INFO] Finished at: 2025-12-14T13:53:57+05:30
[INFO] ------------------------------------------------------------------------
[ERROR] Failed to execute goal org.apache.maven.plugins:maven-compiler-plugin:3.8.1:compile (default-compile) on project habit-tracker: Compilation failure
[ERROR] /C:/Users/sudha/OneDrive/Desktop/HabitTracker/src/main/java/com/habittracker/controllers/DashboardController.java:[31,60] cannot find symbol
[ERROR]   symbol:   method getAllHabits()
[ERROR]   location: variable habitService of type com.habittracker.services.HabitService
[ERROR] 
[ERROR] -> [Help 1]
[ERROR] 
[ERROR] To see the full stack trace of the errors, re-run Maven with the -e switch.
[ERROR] Re-run Maven using the -X switch to enable full debug logging.
[ERROR] 
[ERROR] For more information about the errors and possible solutions, please read the following articles:
[ERROR] [Help 1] http://cwiki.apache.org/confluence/display/MAVEN/MojoFailureException
